// Vitest Snapshot v1, https://vitest.dev/guide/snapshot.html

exports[`Badge > sizes > renders lg size correctly 1`] = `"inline-flex items-center justify-center font-semibold uppercase transition-all duration-200 ease-out bg-white/70 text-slate-600 shadow-[0_12px_32px_-22px_rgba(15,23,42,0.45)] dark:bg-[#1e293b]/70 dark:text-slate-200 px-3.5 py-1.5 text-xs tracking-[0.3em] rounded-full"`;

exports[`Badge > sizes > renders md size correctly 1`] = `"inline-flex items-center justify-center font-semibold uppercase transition-all duration-200 ease-out bg-white/70 text-slate-600 shadow-[0_12px_32px_-22px_rgba(15,23,42,0.45)] dark:bg-[#1e293b]/70 dark:text-slate-200 px-3 py-1 text-xs tracking-[0.24em] rounded-full"`;

exports[`Badge > sizes > renders sm size correctly 1`] = `"inline-flex items-center justify-center font-semibold uppercase transition-all duration-200 ease-out bg-white/70 text-slate-600 shadow-[0_12px_32px_-22px_rgba(15,23,42,0.45)] dark:bg-[#1e293b]/70 dark:text-slate-200 px-2.5 py-1 text-[11px] tracking-[0.24em] rounded-lg"`;

exports[`Badge > sizes > renders xs size correctly 1`] = `"inline-flex items-center justify-center font-semibold uppercase transition-all duration-200 ease-out bg-white/70 text-slate-600 shadow-[0_12px_32px_-22px_rgba(15,23,42,0.45)] dark:bg-[#1e293b]/70 dark:text-slate-200 px-2 py-0.5 text-[10px] tracking-[0.2em] rounded-md"`;

exports[`Badge > variants > renders default variant correctly 1`] = `"inline-flex items-center justify-center font-semibold uppercase transition-all duration-200 ease-out bg-white/70 text-slate-600 shadow-[0_12px_32px_-22px_rgba(15,23,42,0.45)] dark:bg-[#1e293b]/70 dark:text-slate-200 px-3 py-1 text-xs tracking-[0.24em] rounded-full"`;

exports[`Badge > variants > renders feature variant correctly 1`] = `"inline-flex items-center justify-center font-semibold uppercase transition-all duration-200 ease-out bg-[#f8fafc] ring-1 ring-inset dark:bg-[#1e293b] px-3 py-1 text-xs tracking-[0.24em] rounded-full"`;

exports[`Badge > variants > renders primary variant correctly 1`] = `"inline-flex items-center justify-center font-semibold uppercase transition-all duration-200 ease-out bg-[#93c5fd]/20 text-[#0ea5e9] dark:bg-[#38bdf8]/20 dark:text-[#38bdf8] px-3 py-1 text-xs tracking-[0.24em] rounded-full"`;
