// Jest Snapshot v1, https://jestjs.io/docs/snapshot-testing

exports[`Input sizes renders lg size correctly 1`] = `"w-full px-4 border font-medium shadow-[0_18px_45px_-30px_rgba(15,23,42,0.45)] transition-all duration-200 ease-out focus:outline-none disabled:cursor-not-allowed disabled:opacity-60 bg-white text-slate-900 border-black/10 focus:ring-2 focus:ring-sky-400 focus:ring-offset-2 focus:ring-offset-white dark:bg-[#111a2f] dark:text-white dark:border-white/12 dark:focus:ring-sky-400/80 dark:focus:ring-offset-[#0f172a] py-3 text-base rounded-xl"`;

exports[`Input sizes renders md size correctly 1`] = `"w-full px-4 border font-medium shadow-[0_18px_45px_-30px_rgba(15,23,42,0.45)] transition-all duration-200 ease-out focus:outline-none disabled:cursor-not-allowed disabled:opacity-60 bg-white text-slate-900 border-black/10 focus:ring-2 focus:ring-sky-400 focus:ring-offset-2 focus:ring-offset-white dark:bg-[#111a2f] dark:text-white dark:border-white/12 dark:focus:ring-sky-400/80 dark:focus:ring-offset-[#0f172a] py-2.5 text-sm rounded-xl"`;

exports[`Input sizes renders sm size correctly 1`] = `"w-full px-4 border font-medium shadow-[0_18px_45px_-30px_rgba(15,23,42,0.45)] transition-all duration-200 ease-out focus:outline-none disabled:cursor-not-allowed disabled:opacity-60 bg-white text-slate-900 border-black/10 focus:ring-2 focus:ring-sky-400 focus:ring-offset-2 focus:ring-offset-white dark:bg-[#111a2f] dark:text-white dark:border-white/12 dark:focus:ring-sky-400/80 dark:focus:ring-offset-[#0f172a] py-1.5 text-xs rounded-lg"`;

exports[`Input variants renders default variant correctly 1`] = `"w-full px-4 border font-medium shadow-[0_18px_45px_-30px_rgba(15,23,42,0.45)] transition-all duration-200 ease-out focus:outline-none disabled:cursor-not-allowed disabled:opacity-60 bg-white text-slate-900 border-black/10 focus:ring-2 focus:ring-sky-400 focus:ring-offset-2 focus:ring-offset-white dark:bg-[#111a2f] dark:text-white dark:border-white/12 dark:focus:ring-sky-400/80 dark:focus:ring-offset-[#0f172a] py-2.5 text-sm rounded-xl"`;

exports[`Input variants renders glass variant correctly 1`] = `"w-full px-4 border font-medium shadow-[0_18px_45px_-30px_rgba(15,23,42,0.45)] transition-all duration-200 ease-out focus:outline-none disabled:cursor-not-allowed disabled:opacity-60 bg-white/80 text-slate-700 border-white/60 shadow-[0_18px_45px_-32px_rgba(15,23,42,0.5)] focus:ring-2 focus:ring-sky-400/80 focus:ring-offset-2 focus:ring-offset-white dark:bg-[#111a2f]/80 dark:text-slate-100 dark:border-white/12 dark:focus:ring-offset-[#0f172a] py-2.5 text-sm rounded-xl"`;

exports[`Input variants renders invalid variant correctly 1`] = `"w-full px-4 border font-medium shadow-[0_18px_45px_-30px_rgba(15,23,42,0.45)] transition-all duration-200 ease-out focus:outline-none disabled:cursor-not-allowed disabled:opacity-60 bg-white text-slate-900 border-red-300 focus:ring-2 focus:ring-red-400 focus:ring-offset-2 focus:ring-offset-white dark:bg-[#111a2f] dark:text-white dark:border-red-600/80 dark:focus:ring-red-400/75 dark:focus:ring-offset-[#0f172a] py-2.5 text-sm rounded-xl"`;
